Component: Arm Compiler for Embedded 6.22 Tool: armlink [5ee90200]

==============================================================================

Section Cross References

    startup_lpc17xx.o(STACK) refers (Special) to heapauxi.o(.text) for __use_two_region_memory
    startup_lpc17xx.o(HEAP) refers (Special) to heapauxi.o(.text) for __use_two_region_memory
    startup_lpc17xx.o(RESET) refers (Special) to heapauxi.o(.text) for __use_two_region_memory
    startup_lpc17xx.o(RESET) refers to startup_lpc17xx.o(STACK) for __initial_sp
    startup_lpc17xx.o(RESET) refers to startup_lpc17xx.o(.text) for Reset_Handler
    startup_lpc17xx.o(RESET) refers to irq_timer.o(.text) for TIMER0_IRQHandler
    startup_lpc17xx.o(RESET) refers to irq_button.o(.text) for EINT0_IRQHandler
    startup_lpc17xx.o(RESET) refers to irq_rit.o(.text) for RIT_IRQHandler
    startup_lpc17xx.o(.ARM.__at_0x02FC) refers (Special) to heapauxi.o(.text) for __use_two_region_memory
    startup_lpc17xx.o(initialMap) refers (Special) to heapauxi.o(.text) for __use_two_region_memory
    startup_lpc17xx.o(.text) refers (Special) to heapauxi.o(.text) for __use_two_region_memory
    startup_lpc17xx.o(.text) refers to system_lpc17xx.o(.text) for SystemInit
    startup_lpc17xx.o(.text) refers to __main.o(!!!main) for __main
    startup_lpc17xx.o(.text) refers to startup_lpc17xx.o(HEAP) for Heap_Mem
    startup_lpc17xx.o(.text) refers to startup_lpc17xx.o(STACK) for Stack_Mem
    sample.o(.text) refers to system_lpc17xx.o(.text) for SystemInit
    sample.o(.text) refers to lib_joystick.o(.text) for joystick_init
    sample.o(.text) refers to glcd.o(.text) for LCD_Initialization
    sample.o(.text) refers to lib_button.o(.text) for BUTTON_init
    sample.o(.text) refers to lib_timer.o(.text) for init_timer
    sample.o(.text) refers to lib_rit.o(.text) for init_RIT
    sample.o(.ARM.exidx) refers to sample.o(.text) for [Anonymous Symbol]
    system_lpc17xx.o(.text) refers to system_lpc17xx.o(.data.SystemFrequency) for SystemFrequency
    system_lpc17xx.o(.ARM.exidx) refers to system_lpc17xx.o(.text) for [Anonymous Symbol]
    irq_timer.o(.ARM.exidx) refers to irq_timer.o(.text) for [Anonymous Symbol]
    lib_timer.o(.ARM.exidx) refers to lib_timer.o(.text) for [Anonymous Symbol]
    asciilib.o(.text) refers to asciilib.o(.rodata.AsciiLib) for AsciiLib
    asciilib.o(.ARM.exidx) refers to asciilib.o(.text) for [Anonymous Symbol]
    glcd.o(.text) refers to glcd.o(.bss.LCD_Code) for LCD_Code
    glcd.o(.text) refers to asciilib.o(.text) for GetASCIICode
    glcd.o(.text) refers to glcd.o(.rodata.str1.1) for .L__const.DisplayWelcomeMessage.title
    glcd.o(.text) refers to rt_memcpy_v6.o(.text) for __aeabi_memcpy
    glcd.o(.text) refers to strlen.o(.text) for strlen
    glcd.o(.ARM.exidx) refers to glcd.o(.text) for [Anonymous Symbol]
    hzlib.o(.text) refers to hzlib.o(.rodata.HzLib) for HzLib
    hzlib.o(.text) refers to rt_memcpy_v6.o(.text) for __aeabi_memcpy
    hzlib.o(.ARM.exidx) refers to hzlib.o(.text) for [Anonymous Symbol]
    irq_button.o(.text) refers to irq_rit.o(.bss.INT0) for INT0
    irq_button.o(.text) refers to irq_rit.o(.bss.KEY1) for KEY1
    irq_button.o(.text) refers to irq_rit.o(.bss.KEY2) for KEY2
    irq_button.o(.ARM.exidx) refers to irq_button.o(.text) for [Anonymous Symbol]
    lib_button.o(.ARM.exidx) refers to lib_button.o(.text) for [Anonymous Symbol]
    irq_rit.o(.text) refers (Special) to _printf_percent.o(.ARM.Collect$$_printf_percent$$00000000) for _printf_percent
    irq_rit.o(.text) refers (Special) to _printf_s.o(.ARM.Collect$$_printf_percent$$00000014) for _printf_s
    irq_rit.o(.text) refers (Special) to _printf_d.o(.ARM.Collect$$_printf_percent$$00000009) for _printf_d
    irq_rit.o(.text) refers (Special) to _printf_dec.o(.text) for _printf_int_dec
    irq_rit.o(.text) refers (Special) to _printf_str.o(.text) for _printf_str
    irq_rit.o(.text) refers to glcd.o(.text) for LCD_SetPoint
    irq_rit.o(.text) refers to noretval__2sprintf.o(.text) for __2sprintf
    irq_rit.o(.text) refers to irq_rit.o(.data.visible_rows) for visible_rows
    irq_rit.o(.text) refers to irq_rit.o(.data.visible_cols) for visible_cols
    irq_rit.o(.text) refers to irq_rit.o(.bss.INT0) for INT0
    irq_rit.o(.text) refers to irq_rit.o(.bss.mymatrix) for mymatrix
    irq_rit.o(.text) refers to irq_rit.o(.bss.number_of_clicks) for number_of_clicks
    irq_rit.o(.text) refers to startup_lpc17xx.o(.text) for Change_case
    irq_rit.o(.text) refers to irq_rit.o(.bss.KEY1) for KEY1
    irq_rit.o(.text) refers to irq_rit.o(.bss.value) for value
    irq_rit.o(.text) refers to irq_rit.o(.bss.KEY2) for KEY2
    irq_rit.o(.text) refers to irq_rit.o(.bss.iteration) for iteration
    irq_rit.o(.text) refers to irq_rit.o(.bss.RIT_IRQHandler.up) for RIT_IRQHandler.up
    irq_rit.o(.text) refers to irq_rit.o(.bss.RIT_IRQHandler.right) for RIT_IRQHandler.right
    irq_rit.o(.text) refers to irq_rit.o(.bss.RIT_IRQHandler.left) for RIT_IRQHandler.left
    irq_rit.o(.text) refers to irq_rit.o(.bss.RIT_IRQHandler.down) for RIT_IRQHandler.down
    irq_rit.o(.text) refers to lib_rit.o(.text) for reset_RIT
    irq_rit.o(.ARM.exidx) refers (Special) to _printf_percent.o(.ARM.Collect$$_printf_percent$$00000000) for _printf_percent
    irq_rit.o(.ARM.exidx) refers (Special) to _printf_s.o(.ARM.Collect$$_printf_percent$$00000014) for _printf_s
    irq_rit.o(.ARM.exidx) refers (Special) to _printf_d.o(.ARM.Collect$$_printf_percent$$00000009) for _printf_d
    irq_rit.o(.ARM.exidx) refers (Special) to _printf_dec.o(.text) for _printf_int_dec
    irq_rit.o(.ARM.exidx) refers (Special) to _printf_str.o(.text) for _printf_str
    irq_rit.o(.ARM.exidx) refers to irq_rit.o(.text) for [Anonymous Symbol]
    irq_rit.o(.bss.number_of_clicks) refers (Special) to _printf_percent.o(.ARM.Collect$$_printf_percent$$00000000) for _printf_percent
    irq_rit.o(.bss.number_of_clicks) refers (Special) to _printf_s.o(.ARM.Collect$$_printf_percent$$00000014) for _printf_s
    irq_rit.o(.bss.number_of_clicks) refers (Special) to _printf_d.o(.ARM.Collect$$_printf_percent$$00000009) for _printf_d
    irq_rit.o(.bss.number_of_clicks) refers (Special) to _printf_dec.o(.text) for _printf_int_dec
    irq_rit.o(.bss.number_of_clicks) refers (Special) to _printf_str.o(.text) for _printf_str
    irq_rit.o(.rodata.C_NUM_ROWS) refers (Special) to _printf_percent.o(.ARM.Collect$$_printf_percent$$00000000) for _printf_percent
    irq_rit.o(.rodata.C_NUM_ROWS) refers (Special) to _printf_s.o(.ARM.Collect$$_printf_percent$$00000014) for _printf_s
    irq_rit.o(.rodata.C_NUM_ROWS) refers (Special) to _printf_d.o(.ARM.Collect$$_printf_percent$$00000009) for _printf_d
    irq_rit.o(.rodata.C_NUM_ROWS) refers (Special) to _printf_dec.o(.text) for _printf_int_dec
    irq_rit.o(.rodata.C_NUM_ROWS) refers (Special) to _printf_str.o(.text) for _printf_str
    irq_rit.o(.rodata.C_NUM_COLUMNS) refers (Special) to _printf_percent.o(.ARM.Collect$$_printf_percent$$00000000) for _printf_percent
    irq_rit.o(.rodata.C_NUM_COLUMNS) refers (Special) to _printf_s.o(.ARM.Collect$$_printf_percent$$00000014) for _printf_s
    irq_rit.o(.rodata.C_NUM_COLUMNS) refers (Special) to _printf_d.o(.ARM.Collect$$_printf_percent$$00000009) for _printf_d
    irq_rit.o(.rodata.C_NUM_COLUMNS) refers (Special) to _printf_dec.o(.text) for _printf_int_dec
    irq_rit.o(.rodata.C_NUM_COLUMNS) refers (Special) to _printf_str.o(.text) for _printf_str
    irq_rit.o(.data.visible_rows) refers (Special) to _printf_percent.o(.ARM.Collect$$_printf_percent$$00000000) for _printf_percent
    irq_rit.o(.data.visible_rows) refers (Special) to _printf_s.o(.ARM.Collect$$_printf_percent$$00000014) for _printf_s
    irq_rit.o(.data.visible_rows) refers (Special) to _printf_d.o(.ARM.Collect$$_printf_percent$$00000009) for _printf_d
    irq_rit.o(.data.visible_rows) refers (Special) to _printf_dec.o(.text) for _printf_int_dec
    irq_rit.o(.data.visible_rows) refers (Special) to _printf_str.o(.text) for _printf_str
    irq_rit.o(.data.visible_cols) refers (Special) to _printf_percent.o(.ARM.Collect$$_printf_percent$$00000000) for _printf_percent
    irq_rit.o(.data.visible_cols) refers (Special) to _printf_s.o(.ARM.Collect$$_printf_percent$$00000014) for _printf_s
    irq_rit.o(.data.visible_cols) refers (Special) to _printf_d.o(.ARM.Collect$$_printf_percent$$00000009) for _printf_d
    irq_rit.o(.data.visible_cols) refers (Special) to _printf_dec.o(.text) for _printf_int_dec
    irq_rit.o(.data.visible_cols) refers (Special) to _printf_str.o(.text) for _printf_str
    irq_rit.o(.bss.INT0) refers (Special) to _printf_percent.o(.ARM.Collect$$_printf_percent$$00000000) for _printf_percent
    irq_rit.o(.bss.INT0) refers (Special) to _printf_s.o(.ARM.Collect$$_printf_percent$$00000014) for _printf_s
    irq_rit.o(.bss.INT0) refers (Special) to _printf_d.o(.ARM.Collect$$_printf_percent$$00000009) for _printf_d
    irq_rit.o(.bss.INT0) refers (Special) to _printf_dec.o(.text) for _printf_int_dec
    irq_rit.o(.bss.INT0) refers (Special) to _printf_str.o(.text) for _printf_str
    irq_rit.o(.bss.KEY1) refers (Special) to _printf_percent.o(.ARM.Collect$$_printf_percent$$00000000) for _printf_percent
    irq_rit.o(.bss.KEY1) refers (Special) to _printf_s.o(.ARM.Collect$$_printf_percent$$00000014) for _printf_s
    irq_rit.o(.bss.KEY1) refers (Special) to _printf_d.o(.ARM.Collect$$_printf_percent$$00000009) for _printf_d
    irq_rit.o(.bss.KEY1) refers (Special) to _printf_dec.o(.text) for _printf_int_dec
    irq_rit.o(.bss.KEY1) refers (Special) to _printf_str.o(.text) for _printf_str
    irq_rit.o(.bss.KEY2) refers (Special) to _printf_percent.o(.ARM.Collect$$_printf_percent$$00000000) for _printf_percent
    irq_rit.o(.bss.KEY2) refers (Special) to _printf_s.o(.ARM.Collect$$_printf_percent$$00000014) for _printf_s
    irq_rit.o(.bss.KEY2) refers (Special) to _printf_d.o(.ARM.Collect$$_printf_percent$$00000009) for _printf_d
    irq_rit.o(.bss.KEY2) refers (Special) to _printf_dec.o(.text) for _printf_int_dec
    irq_rit.o(.bss.KEY2) refers (Special) to _printf_str.o(.text) for _printf_str
    irq_rit.o(.bss.mymatrix) refers (Special) to _printf_percent.o(.ARM.Collect$$_printf_percent$$00000000) for _printf_percent
    irq_rit.o(.bss.mymatrix) refers (Special) to _printf_s.o(.ARM.Collect$$_printf_percent$$00000014) for _printf_s
    irq_rit.o(.bss.mymatrix) refers (Special) to _printf_d.o(.ARM.Collect$$_printf_percent$$00000009) for _printf_d
    irq_rit.o(.bss.mymatrix) refers (Special) to _printf_dec.o(.text) for _printf_int_dec
    irq_rit.o(.bss.mymatrix) refers (Special) to _printf_str.o(.text) for _printf_str
    irq_rit.o(.bss.value) refers (Special) to _printf_percent.o(.ARM.Collect$$_printf_percent$$00000000) for _printf_percent
    irq_rit.o(.bss.value) refers (Special) to _printf_s.o(.ARM.Collect$$_printf_percent$$00000014) for _printf_s
    irq_rit.o(.bss.value) refers (Special) to _printf_d.o(.ARM.Collect$$_printf_percent$$00000009) for _printf_d
    irq_rit.o(.bss.value) refers (Special) to _printf_dec.o(.text) for _printf_int_dec
    irq_rit.o(.bss.value) refers (Special) to _printf_str.o(.text) for _printf_str
    irq_rit.o(.bss.iteration) refers (Special) to _printf_percent.o(.ARM.Collect$$_printf_percent$$00000000) for _printf_percent
    irq_rit.o(.bss.iteration) refers (Special) to _printf_s.o(.ARM.Collect$$_printf_percent$$00000014) for _printf_s
    irq_rit.o(.bss.iteration) refers (Special) to _printf_d.o(.ARM.Collect$$_printf_percent$$00000009) for _printf_d
    irq_rit.o(.bss.iteration) refers (Special) to _printf_dec.o(.text) for _printf_int_dec
    irq_rit.o(.bss.iteration) refers (Special) to _printf_str.o(.text) for _printf_str
    irq_rit.o(.bss.RIT_IRQHandler.up) refers (Special) to _printf_percent.o(.ARM.Collect$$_printf_percent$$00000000) for _printf_percent
    irq_rit.o(.bss.RIT_IRQHandler.up) refers (Special) to _printf_s.o(.ARM.Collect$$_printf_percent$$00000014) for _printf_s
    irq_rit.o(.bss.RIT_IRQHandler.up) refers (Special) to _printf_d.o(.ARM.Collect$$_printf_percent$$00000009) for _printf_d
    irq_rit.o(.bss.RIT_IRQHandler.up) refers (Special) to _printf_dec.o(.text) for _printf_int_dec
    irq_rit.o(.bss.RIT_IRQHandler.up) refers (Special) to _printf_str.o(.text) for _printf_str
    irq_rit.o(.bss.RIT_IRQHandler.down) refers (Special) to _printf_percent.o(.ARM.Collect$$_printf_percent$$00000000) for _printf_percent
    irq_rit.o(.bss.RIT_IRQHandler.down) refers (Special) to _printf_s.o(.ARM.Collect$$_printf_percent$$00000014) for _printf_s
    irq_rit.o(.bss.RIT_IRQHandler.down) refers (Special) to _printf_d.o(.ARM.Collect$$_printf_percent$$00000009) for _printf_d
    irq_rit.o(.bss.RIT_IRQHandler.down) refers (Special) to _printf_dec.o(.text) for _printf_int_dec
    irq_rit.o(.bss.RIT_IRQHandler.down) refers (Special) to _printf_str.o(.text) for _printf_str
    irq_rit.o(.bss.RIT_IRQHandler.right) refers (Special) to _printf_percent.o(.ARM.Collect$$_printf_percent$$00000000) for _printf_percent
    irq_rit.o(.bss.RIT_IRQHandler.right) refers (Special) to _printf_s.o(.ARM.Collect$$_printf_percent$$00000014) for _printf_s
    irq_rit.o(.bss.RIT_IRQHandler.right) refers (Special) to _printf_d.o(.ARM.Collect$$_printf_percent$$00000009) for _printf_d
    irq_rit.o(.bss.RIT_IRQHandler.right) refers (Special) to _printf_dec.o(.text) for _printf_int_dec
    irq_rit.o(.bss.RIT_IRQHandler.right) refers (Special) to _printf_str.o(.text) for _printf_str
    irq_rit.o(.bss.RIT_IRQHandler.left) refers (Special) to _printf_percent.o(.ARM.Collect$$_printf_percent$$00000000) for _printf_percent
    irq_rit.o(.bss.RIT_IRQHandler.left) refers (Special) to _printf_s.o(.ARM.Collect$$_printf_percent$$00000014) for _printf_s
    irq_rit.o(.bss.RIT_IRQHandler.left) refers (Special) to _printf_d.o(.ARM.Collect$$_printf_percent$$00000009) for _printf_d
    irq_rit.o(.bss.RIT_IRQHandler.left) refers (Special) to _printf_dec.o(.text) for _printf_int_dec
    irq_rit.o(.bss.RIT_IRQHandler.left) refers (Special) to _printf_str.o(.text) for _printf_str
    lib_rit.o(.ARM.exidx) refers to lib_rit.o(.text) for [Anonymous Symbol]
    lib_joystick.o(.ARM.exidx) refers to lib_joystick.o(.text) for [Anonymous Symbol]
    __2sprintf.o(.text) refers to _printf_char_common.o(.text) for _printf_char_common
    __2sprintf.o(.text) refers to _sputc.o(.text) for _sputc
    noretval__2sprintf.o(.text) refers to _printf_char_common.o(.text) for _printf_char_common
    noretval__2sprintf.o(.text) refers to _sputc.o(.text) for _sputc
    __printf.o(.text) refers to _printf_percent.o(.ARM.Collect$$_printf_percent$$00000000) for _printf_percent
    _printf_str.o(.text) refers (Special) to _printf_char.o(.text) for _printf_cs_common
    _printf_dec.o(.text) refers to _printf_intcommon.o(.text) for _printf_int_common
    __printf_flags.o(.text) refers to _printf_percent.o(.ARM.Collect$$_printf_percent$$00000000) for _printf_percent
    __printf_flags.o(.text) refers to __printf_flags.o(.constdata) for .constdata
    __printf_ss.o(.text) refers to _printf_percent.o(.ARM.Collect$$_printf_percent$$00000000) for _printf_percent
    __printf_flags_ss.o(.text) refers to _printf_percent.o(.ARM.Collect$$_printf_percent$$00000000) for _printf_percent
    __printf_flags_ss.o(.text) refers to __printf_flags_ss.o(.constdata) for .constdata
    __printf_wp.o(.text) refers to __printf_wp.o(i._is_digit) for _is_digit
    __printf_wp.o(.text) refers to _printf_percent.o(.ARM.Collect$$_printf_percent$$00000000) for _printf_percent
    __printf_flags_wp.o(.text) refers to __printf_wp.o(i._is_digit) for _is_digit
    __printf_flags_wp.o(.text) refers to _printf_percent.o(.ARM.Collect$$_printf_percent$$00000000) for _printf_percent
    __printf_flags_wp.o(.text) refers to __printf_flags_wp.o(.constdata) for .constdata
    __printf_ss_wp.o(.text) refers to __printf_wp.o(i._is_digit) for _is_digit
    __printf_ss_wp.o(.text) refers to _printf_percent.o(.ARM.Collect$$_printf_percent$$00000000) for _printf_percent
    __printf_flags_ss_wp.o(.text) refers to __printf_wp.o(i._is_digit) for _is_digit
    __printf_flags_ss_wp.o(.text) refers to _printf_percent.o(.ARM.Collect$$_printf_percent$$00000000) for _printf_percent
    __printf_flags_ss_wp.o(.text) refers to __printf_flags_ss_wp.o(.constdata) for .constdata
    _printf_s.o(.ARM.Collect$$_printf_percent$$00000014) refers (Weak) to _printf_char.o(.text) for _printf_string
    _printf_d.o(.ARM.Collect$$_printf_percent$$00000009) refers (Weak) to _printf_dec.o(.text) for _printf_int_dec
    _printf_percent.o(.ARM.Collect$$_printf_percent$$00000000) refers (Special) to _printf_percent_end.o(.ARM.Collect$$_printf_percent$$00000017) for _printf_percent_end
    rt_memcpy_v6.o(.text) refers to rt_memcpy_w.o(.text) for __aeabi_memcpy4
    __main.o(!!!main) refers to __rtentry.o(.ARM.Collect$$rtentry$$00000000) for __rt_entry
    __rtentry.o(.ARM.Collect$$rtentry$$00000000) refers (Special) to __rtentry2.o(.ARM.Collect$$rtentry$$0000000A) for __rt_entry_li
    __rtentry.o(.ARM.Collect$$rtentry$$00000000) refers (Special) to __rtentry2.o(.ARM.Collect$$rtentry$$0000000D) for __rt_entry_main
    __rtentry.o(.ARM.Collect$$rtentry$$00000000) refers (Special) to __rtentry2.o(.ARM.Collect$$rtentry$$0000000C) for __rt_entry_postli_1
    __rtentry.o(.ARM.Collect$$rtentry$$00000000) refers (Special) to __rtentry2.o(.ARM.Collect$$rtentry$$00000009) for __rt_entry_postsh_1
    __rtentry.o(.ARM.Collect$$rtentry$$00000000) refers (Special) to __rtentry2.o(.ARM.Collect$$rtentry$$00000002) for __rt_entry_presh_1
    __rtentry.o(.ARM.Collect$$rtentry$$00000000) refers (Special) to __rtentry4.o(.ARM.Collect$$rtentry$$00000004) for __rt_entry_sh
    _printf_char_common.o(.text) refers to __printf.o(.text) for __printf
    _printf_char.o(.text) refers (Weak) to _printf_str.o(.text) for _printf_str
    __rtentry2.o(.ARM.Collect$$rtentry$$00000008) refers to boardinit2.o(.text) for _platform_post_stackheap_init
    __rtentry2.o(.ARM.Collect$$rtentry$$0000000A) refers to libinit.o(.ARM.Collect$$libinit$$00000000) for __rt_lib_init
    __rtentry2.o(.ARM.Collect$$rtentry$$0000000B) refers to boardinit3.o(.text) for _platform_post_lib_init
    __rtentry2.o(.ARM.Collect$$rtentry$$0000000D) refers to sample.o(.text) for main
    __rtentry2.o(.ARM.Collect$$rtentry$$0000000D) refers to exit.o(.text) for exit
    __rtentry2.o(.ARM.exidx) refers to __rtentry2.o(.ARM.Collect$$rtentry$$00000001) for .ARM.Collect$$rtentry$$00000001
    __rtentry2.o(.ARM.exidx) refers to __rtentry2.o(.ARM.Collect$$rtentry$$00000008) for .ARM.Collect$$rtentry$$00000008
    __rtentry2.o(.ARM.exidx) refers to __rtentry2.o(.ARM.Collect$$rtentry$$0000000A) for .ARM.Collect$$rtentry$$0000000A
    __rtentry2.o(.ARM.exidx) refers to __rtentry2.o(.ARM.Collect$$rtentry$$0000000B) for .ARM.Collect$$rtentry$$0000000B
    __rtentry2.o(.ARM.exidx) refers to __rtentry2.o(.ARM.Collect$$rtentry$$0000000D) for .ARM.Collect$$rtentry$$0000000D
    __rtentry4.o(.ARM.Collect$$rtentry$$00000004) refers to sys_stackheap_outer.o(.text) for __user_setup_stackheap
    __rtentry4.o(.ARM.exidx) refers to __rtentry4.o(.ARM.Collect$$rtentry$$00000004) for .ARM.Collect$$rtentry$$00000004
    sys_stackheap_outer.o(.text) refers to libspace.o(.text) for __user_perproc_libspace
    sys_stackheap_outer.o(.text) refers to startup_lpc17xx.o(.text) for __user_initial_stackheap
    exit.o(.text) refers to rtexit.o(.ARM.Collect$$rtexit$$00000000) for __rt_exit
    libinit.o(.ARM.Collect$$libinit$$00000000) refers (Special) to libinit2.o(.ARM.Collect$$libinit$$00000030) for __rt_lib_init_alloca_1
    libinit.o(.ARM.Collect$$libinit$$00000000) refers (Special) to libinit2.o(.ARM.Collect$$libinit$$0000002E) for __rt_lib_init_argv_1
    libinit.o(.ARM.Collect$$libinit$$00000000) refers (Special) to libinit2.o(.ARM.Collect$$libinit$$0000001D) for __rt_lib_init_atexit_1
    libinit.o(.ARM.Collect$$libinit$$00000000) refers (Special) to libinit2.o(.ARM.Collect$$libinit$$00000023) for __rt_lib_init_clock_1
    libinit.o(.ARM.Collect$$libinit$$00000000) refers (Special) to libinit2.o(.ARM.Collect$$libinit$$00000034) for __rt_lib_init_cpp_1
    libinit.o(.ARM.Collect$$libinit$$00000000) refers (Special) to libinit2.o(.ARM.Collect$$libinit$$00000032) for __rt_lib_init_exceptions_1
    libinit.o(.ARM.Collect$$libinit$$00000000) refers (Special) to libinit2.o(.ARM.Collect$$libinit$$00000002) for __rt_lib_init_fp_1
    libinit.o(.ARM.Collect$$libinit$$00000000) refers (Special) to libinit2.o(.ARM.Collect$$libinit$$00000021) for __rt_lib_init_fp_trap_1
    libinit.o(.ARM.Collect$$libinit$$00000000) refers (Special) to libinit2.o(.ARM.Collect$$libinit$$00000025) for __rt_lib_init_getenv_1
    libinit.o(.ARM.Collect$$libinit$$00000000) refers (Special) to libinit2.o(.ARM.Collect$$libinit$$0000000C) for __rt_lib_init_heap_1
    libinit.o(.ARM.Collect$$libinit$$00000000) refers (Special) to libinit2.o(.ARM.Collect$$libinit$$00000013) for __rt_lib_init_lc_collate_1
    libinit.o(.ARM.Collect$$libinit$$00000000) refers (Special) to libinit2.o(.ARM.Collect$$libinit$$00000015) for __rt_lib_init_lc_ctype_1
    libinit.o(.ARM.Collect$$libinit$$00000000) refers (Special) to libinit2.o(.ARM.Collect$$libinit$$00000017) for __rt_lib_init_lc_monetary_1
    libinit.o(.ARM.Collect$$libinit$$00000000) refers (Special) to libinit2.o(.ARM.Collect$$libinit$$00000019) for __rt_lib_init_lc_numeric_1
    libinit.o(.ARM.Collect$$libinit$$00000000) refers (Special) to libinit2.o(.ARM.Collect$$libinit$$0000001B) for __rt_lib_init_lc_time_1
    libinit.o(.ARM.Collect$$libinit$$00000000) refers (Special) to libinit2.o(.ARM.Collect$$libinit$$00000006) for __rt_lib_init_preinit_1
    libinit.o(.ARM.Collect$$libinit$$00000000) refers (Special) to libinit2.o(.ARM.Collect$$libinit$$00000010) for __rt_lib_init_rand_1
    libinit.o(.ARM.Collect$$libinit$$00000000) refers (Special) to libinit2.o(.ARM.Collect$$libinit$$00000004) for __rt_lib_init_relocate_pie_1
    libinit.o(.ARM.Collect$$libinit$$00000000) refers (Special) to libinit2.o(.ARM.Collect$$libinit$$00000035) for __rt_lib_init_return
    libinit.o(.ARM.Collect$$libinit$$00000000) refers (Special) to libinit2.o(.ARM.Collect$$libinit$$0000001F) for __rt_lib_init_signal_1
    libinit.o(.ARM.Collect$$libinit$$00000000) refers (Special) to libinit2.o(.ARM.Collect$$libinit$$00000027) for __rt_lib_init_stdio_1
    libinit.o(.ARM.Collect$$libinit$$00000000) refers (Special) to libinit2.o(.ARM.Collect$$libinit$$0000000E) for __rt_lib_init_user_alloc_1
    libspace.o(.text) refers to libspace.o(.bss) for __libspace_start
    rtexit.o(.ARM.Collect$$rtexit$$00000000) refers (Special) to rtexit2.o(.ARM.Collect$$rtexit$$00000004) for __rt_exit_exit
    rtexit.o(.ARM.Collect$$rtexit$$00000000) refers (Special) to rtexit2.o(.ARM.Collect$$rtexit$$00000003) for __rt_exit_ls
    rtexit.o(.ARM.Collect$$rtexit$$00000000) refers (Special) to rtexit2.o(.ARM.Collect$$rtexit$$00000002) for __rt_exit_prels_1
    rtexit.o(.ARM.exidx) refers (Special) to rtexit2.o(.ARM.Collect$$rtexit$$00000004) for __rt_exit_exit
    rtexit.o(.ARM.exidx) refers (Special) to rtexit2.o(.ARM.Collect$$rtexit$$00000003) for __rt_exit_ls
    rtexit.o(.ARM.exidx) refers (Special) to rtexit2.o(.ARM.Collect$$rtexit$$00000002) for __rt_exit_prels_1
    rtexit.o(.ARM.exidx) refers to rtexit.o(.ARM.Collect$$rtexit$$00000000) for .ARM.Collect$$rtexit$$00000000
    libinit2.o(.ARM.Collect$$libinit$$00000012) refers to libinit2.o(.ARM.Collect$$libinit$$00000011) for .ARM.Collect$$libinit$$00000011
    libinit2.o(.ARM.Collect$$libinit$$00000014) refers to libinit2.o(.ARM.Collect$$libinit$$00000011) for .ARM.Collect$$libinit$$00000011
    libinit2.o(.ARM.Collect$$libinit$$00000016) refers to libinit2.o(.ARM.Collect$$libinit$$00000011) for .ARM.Collect$$libinit$$00000011
    libinit2.o(.ARM.Collect$$libinit$$00000018) refers to libinit2.o(.ARM.Collect$$libinit$$00000011) for .ARM.Collect$$libinit$$00000011
    libinit2.o(.ARM.Collect$$libinit$$0000001A) refers to libinit2.o(.ARM.Collect$$libinit$$00000011) for .ARM.Collect$$libinit$$00000011
    libinit2.o(.ARM.Collect$$libinit$$00000028) refers to argv_veneer.o(.emb_text) for __ARM_argv_veneer
    libinit2.o(.ARM.Collect$$libinit$$00000029) refers to argv_veneer.o(.emb_text) for __ARM_argv_veneer
    rtexit2.o(.ARM.Collect$$rtexit$$00000003) refers to libshutdown.o(.ARM.Collect$$libshutdown$$00000000) for __rt_lib_shutdown
    rtexit2.o(.ARM.Collect$$rtexit$$00000004) refers to sys_exit.o(.text) for _sys_exit
    rtexit2.o(.ARM.exidx) refers to rtexit2.o(.ARM.Collect$$rtexit$$00000001) for .ARM.Collect$$rtexit$$00000001
    rtexit2.o(.ARM.exidx) refers to rtexit2.o(.ARM.Collect$$rtexit$$00000003) for .ARM.Collect$$rtexit$$00000003
    rtexit2.o(.ARM.exidx) refers to rtexit2.o(.ARM.Collect$$rtexit$$00000004) for .ARM.Collect$$rtexit$$00000004
    argv_veneer.o(.emb_text) refers to no_argv.o(.text) for __ARM_get_argv
    sys_exit.o(.text) refers (Special) to use_no_semi.o(.text) for __I$use$semihosting
    sys_exit.o(.text) refers (Special) to indicate_semi.o(.text) for __semihosting_library_function
    sys_exit_hlt.o(.text) refers (Special) to use_no_semi.o(.text) for __I$use$semihosting
    sys_exit_hlt.o(.text) refers (Special) to indicate_semi.o(.text) for __semihosting_library_function
    _get_argv_nomalloc.o(.text) refers (Special) to hrguard.o(.text) for __heap_region$guard
    _get_argv_nomalloc.o(.text) refers to defsig_rtmem_outer.o(.text) for __rt_SIGRTMEM
    _get_argv_nomalloc.o(.text) refers to sys_command.o(.text) for _sys_command_string
    libshutdown.o(.ARM.Collect$$libshutdown$$00000000) refers (Special) to libshutdown2.o(.ARM.Collect$$libshutdown$$00000002) for __rt_lib_shutdown_cpp_1
    libshutdown.o(.ARM.Collect$$libshutdown$$00000000) refers (Special) to libshutdown2.o(.ARM.Collect$$libshutdown$$00000007) for __rt_lib_shutdown_fp_trap_1
    libshutdown.o(.ARM.Collect$$libshutdown$$00000000) refers (Special) to libshutdown2.o(.ARM.Collect$$libshutdown$$0000000F) for __rt_lib_shutdown_heap_1
    libshutdown.o(.ARM.Collect$$libshutdown$$00000000) refers (Special) to libshutdown2.o(.ARM.Collect$$libshutdown$$00000010) for __rt_lib_shutdown_return
    libshutdown.o(.ARM.Collect$$libshutdown$$00000000) refers (Special) to libshutdown2.o(.ARM.Collect$$libshutdown$$0000000A) for __rt_lib_shutdown_signal_1
    libshutdown.o(.ARM.Collect$$libshutdown$$00000000) refers (Special) to libshutdown2.o(.ARM.Collect$$libshutdown$$00000004) for __rt_lib_shutdown_stdio_1
    libshutdown.o(.ARM.Collect$$libshutdown$$00000000) refers (Special) to libshutdown2.o(.ARM.Collect$$libshutdown$$0000000C) for __rt_lib_shutdown_user_alloc_1
    sys_command.o(.text) refers (Special) to use_no_semi.o(.text) for __I$use$semihosting
    sys_command.o(.text) refers (Special) to indicate_semi.o(.text) for __semihosting_library_function
    sys_command_hlt.o(.text) refers (Special) to use_no_semi.o(.text) for __I$use$semihosting
    sys_command_hlt.o(.text) refers (Special) to indicate_semi.o(.text) for __semihosting_library_function
    defsig_rtmem_outer.o(.text) refers to defsig_rtmem_inner.o(.text) for __rt_SIGRTMEM_inner
    defsig_rtmem_outer.o(.text) refers to defsig_exit.o(.text) for __sig_exit
    defsig_rtmem_formal.o(.text) refers to rt_raise.o(.text) for __rt_raise
    rt_raise.o(.text) refers to __raise.o(.text) for __raise
    rt_raise.o(.text) refers to sys_exit.o(.text) for _sys_exit
    defsig_exit.o(.text) refers to sys_exit.o(.text) for _sys_exit
    defsig_rtmem_inner.o(.text) refers to defsig_general.o(.text) for __default_signal_display
    __raise.o(.text) refers to defsig.o(CL$$defsig) for __default_signal_handler
    defsig_general.o(.text) refers to sys_wrch.o(.text) for _ttywrch
    sys_wrch.o(.text) refers (Special) to use_no_semi.o(.text) for __I$use$semihosting
    sys_wrch.o(.text) refers (Special) to indicate_semi.o(.text) for __semihosting_library_function
    sys_wrch_hlt.o(.text) refers (Special) to use_no_semi.o(.text) for __I$use$semihosting
    sys_wrch_hlt.o(.text) refers (Special) to indicate_semi.o(.text) for __semihosting_library_function
    defsig.o(CL$$defsig) refers to defsig_rtmem_inner.o(.text) for __rt_SIGRTMEM_inner
    defsig_abrt_inner.o(.text) refers to defsig_general.o(.text) for __default_signal_display
    defsig_fpe_inner.o(.text) refers to defsig_general.o(.text) for __default_signal_display
    defsig_rtred_inner.o(.text) refers to defsig_general.o(.text) for __default_signal_display
    defsig_stak_inner.o(.text) refers to defsig_general.o(.text) for __default_signal_display
    defsig_pvfn_inner.o(.text) refers to defsig_general.o(.text) for __default_signal_display
    defsig_cppl_inner.o(.text) refers to defsig_general.o(.text) for __default_signal_display
    defsig_segv_inner.o(.text) refers to defsig_general.o(.text) for __default_signal_display
    defsig_other.o(.text) refers to defsig_general.o(.text) for __default_signal_display


==============================================================================

Removing Unused input sections from the image.

    Removing startup_lpc17xx.o(initialMap), (81 bytes).
    Removing sample.o(.ARM.exidx), (8 bytes).
    Removing sample.o(.ARM.use_no_argv), (4 bytes).
    Removing system_lpc17xx.o(.ARM.exidx), (8 bytes).
    Removing irq_timer.o(.ARM.exidx), (16 bytes).
    Removing lib_timer.o(.ARM.exidx), (32 bytes).
    Removing asciilib.o(.ARM.exidx), (8 bytes).
    Removing glcd.o(.ARM.exidx), (112 bytes).
    Removing hzlib.o(.text), (36 bytes).
    Removing hzlib.o(.ARM.exidx), (8 bytes).
    Removing hzlib.o(.rodata.HzLib), (216576 bytes).
    Removing irq_button.o(.ARM.exidx), (24 bytes).
    Removing lib_button.o(.ARM.exidx), (8 bytes).
    Removing irq_rit.o(.ARM.exidx), (40 bytes).
    Removing irq_rit.o(.rodata.C_NUM_ROWS), (4 bytes).
    Removing irq_rit.o(.rodata.C_NUM_COLUMNS), (4 bytes).
    Removing lib_rit.o(.ARM.exidx), (32 bytes).
    Removing funct_joystick.o(.text), (0 bytes).
    Removing lib_joystick.o(.ARM.exidx), (8 bytes).

19 unused section(s) (total 217009 bytes) removed from the image.

==============================================================================

Image Symbol Table

    Local Symbols

    Symbol Name                              Value     Ov Type        Size  Object(Section)

    ../clib/angel/boardlib.s                 0x00000000   Number         0  boardinit1.o ABSOLUTE
    ../clib/angel/boardlib.s                 0x00000000   Number         0  boardinit2.o ABSOLUTE
    ../clib/angel/boardlib.s                 0x00000000   Number         0  boardinit3.o ABSOLUTE
    ../clib/angel/boardlib.s                 0x00000000   Number         0  boardshut.o ABSOLUTE
    ../clib/angel/handlers.s                 0x00000000   Number         0  __scatter_copy.o ABSOLUTE
    ../clib/angel/handlers.s                 0x00000000   Number         0  __scatter_zi.o ABSOLUTE
    ../clib/angel/kernel.s                   0x00000000   Number         0  __rtentry.o ABSOLUTE
    ../clib/angel/kernel.s                   0x00000000   Number         0  __rtentry2.o ABSOLUTE
    ../clib/angel/kernel.s                   0x00000000   Number         0  __rtentry4.o ABSOLUTE
    ../clib/angel/kernel.s                   0x00000000   Number         0  rtexit.o ABSOLUTE
    ../clib/angel/kernel.s                   0x00000000   Number         0  rtexit2.o ABSOLUTE
    ../clib/angel/rt.s                       0x00000000   Number         0  rt_raise.o ABSOLUTE
    ../clib/angel/scatter.s                  0x00000000   Number         0  __scatter.o ABSOLUTE
    ../clib/angel/startup.s                  0x00000000   Number         0  __main.o ABSOLUTE
    ../clib/angel/sys.s                      0x00000000   Number         0  sys_stackheap_outer.o ABSOLUTE
    ../clib/angel/sys.s                      0x00000000   Number         0  libspace.o ABSOLUTE
    ../clib/angel/sys.s                      0x00000000   Number         0  use_no_semi.o ABSOLUTE
    ../clib/angel/sys.s                      0x00000000   Number         0  indicate_semi.o ABSOLUTE
    ../clib/angel/sysapp.c                   0x00000000   Number         0  sys_exit.o ABSOLUTE
    ../clib/angel/sysapp.c                   0x00000000   Number         0  sys_exit_hlt.o ABSOLUTE
    ../clib/angel/sysapp.c                   0x00000000   Number         0  sys_command.o ABSOLUTE
    ../clib/angel/sysapp.c                   0x00000000   Number         0  sys_command_hlt.o ABSOLUTE
    ../clib/angel/sysapp.c                   0x00000000   Number         0  sys_wrch.o ABSOLUTE
    ../clib/angel/sysapp.c                   0x00000000   Number         0  sys_wrch_hlt.o ABSOLUTE
    ../clib/armsys.c                         0x00000000   Number         0  argv_veneer.o ABSOLUTE
    ../clib/armsys.c                         0x00000000   Number         0  argv_veneer.o ABSOLUTE
    ../clib/armsys.c                         0x00000000   Number         0  _get_argv_nomalloc.o ABSOLUTE
    ../clib/armsys.c                         0x00000000   Number         0  no_argv.o ABSOLUTE
    ../clib/heapalloc.c                      0x00000000   Number         0  hrguard.o ABSOLUTE
    ../clib/heapaux.c                        0x00000000   Number         0  heapauxi.o ABSOLUTE
    ../clib/libinit.s                        0x00000000   Number         0  libinit.o ABSOLUTE
    ../clib/libinit.s                        0x00000000   Number         0  libinit2.o ABSOLUTE
    ../clib/libinit.s                        0x00000000   Number         0  libshutdown.o ABSOLUTE
    ../clib/libinit.s                        0x00000000   Number         0  libshutdown2.o ABSOLUTE
    ../clib/memcpset.s                       0x00000000   Number         0  rt_memcpy_v6.o ABSOLUTE
    ../clib/memcpset.s                       0x00000000   Number         0  rt_memcpy_w.o ABSOLUTE
    ../clib/printf.c                         0x00000000   Number         0  __2sprintf.o ABSOLUTE
    ../clib/printf.c                         0x00000000   Number         0  noretval__2sprintf.o ABSOLUTE
    ../clib/printf.c                         0x00000000   Number         0  __printf.o ABSOLUTE
    ../clib/printf.c                         0x00000000   Number         0  _printf_str.o ABSOLUTE
    ../clib/printf.c                         0x00000000   Number         0  _printf_dec.o ABSOLUTE
    ../clib/printf.c                         0x00000000   Number         0  __printf_flags.o ABSOLUTE
    ../clib/printf.c                         0x00000000   Number         0  __printf_ss.o ABSOLUTE
    ../clib/printf.c                         0x00000000   Number         0  __printf_flags_ss.o ABSOLUTE
    ../clib/printf.c                         0x00000000   Number         0  __printf_wp.o ABSOLUTE
    ../clib/printf.c                         0x00000000   Number         0  __printf_flags_wp.o ABSOLUTE
    ../clib/printf.c                         0x00000000   Number         0  __printf_ss_wp.o ABSOLUTE
    ../clib/printf.c                         0x00000000   Number         0  __printf_flags_ss_wp.o ABSOLUTE
    ../clib/printf.c                         0x00000000   Number         0  _printf_intcommon.o ABSOLUTE
    ../clib/printf.c                         0x00000000   Number         0  _printf_char_common.o ABSOLUTE
    ../clib/printf.c                         0x00000000   Number         0  _sputc.o ABSOLUTE
    ../clib/printf.c                         0x00000000   Number         0  _printf_char.o ABSOLUTE
    ../clib/printf.c                         0x00000000   Number         0  __printf_nopercent.o ABSOLUTE
    ../clib/printf_percent.s                 0x00000000   Number         0  _printf_s.o ABSOLUTE
    ../clib/printf_percent.s                 0x00000000   Number         0  _printf_d.o ABSOLUTE
    ../clib/printf_percent.s                 0x00000000   Number         0  _printf_percent.o ABSOLUTE
    ../clib/printf_percent.s                 0x00000000   Number         0  _printf_percent_end.o ABSOLUTE
    ../clib/signal.c                         0x00000000   Number         0  defsig_rtmem_outer.o ABSOLUTE
    ../clib/signal.c                         0x00000000   Number         0  defsig_rtmem_formal.o ABSOLUTE
    ../clib/signal.c                         0x00000000   Number         0  defsig_exit.o ABSOLUTE
    ../clib/signal.c                         0x00000000   Number         0  defsig_rtmem_inner.o ABSOLUTE
    ../clib/signal.c                         0x00000000   Number         0  __raise.o ABSOLUTE
    ../clib/signal.c                         0x00000000   Number         0  defsig_general.o ABSOLUTE
    ../clib/signal.c                         0x00000000   Number         0  defsig_abrt_inner.o ABSOLUTE
    ../clib/signal.c                         0x00000000   Number         0  defsig_fpe_inner.o ABSOLUTE
    ../clib/signal.c                         0x00000000   Number         0  defsig_rtred_inner.o ABSOLUTE
    ../clib/signal.c                         0x00000000   Number         0  defsig_stak_inner.o ABSOLUTE
    ../clib/signal.c                         0x00000000   Number         0  defsig_pvfn_inner.o ABSOLUTE
    ../clib/signal.c                         0x00000000   Number         0  defsig_cppl_inner.o ABSOLUTE
    ../clib/signal.c                         0x00000000   Number         0  defsig_segv_inner.o ABSOLUTE
    ../clib/signal.c                         0x00000000   Number         0  defsig_other.o ABSOLUTE
    ../clib/signal.s                         0x00000000   Number         0  defsig.o ABSOLUTE
    ../clib/stdlib.c                         0x00000000   Number         0  exit.o ABSOLUTE
    ../clib/string.c                         0x00000000   Number         0  strlen.o ABSOLUTE
    ../fplib/fpinit.s                        0x00000000   Number         0  fpinit.o ABSOLUTE
    ../fplib/fpinit_empty.s                  0x00000000   Number         0  fpinit_empty.o ABSOLUTE
    AsciiLib.c                               0x00000000   Number         0  asciilib.o ABSOLUTE
    GLCD.c                                   0x00000000   Number         0  glcd.o ABSOLUTE
    HzLib.c                                  0x00000000   Number         0  hzlib.o ABSOLUTE
    IRQ_RIT.c                                0x00000000   Number         0  irq_rit.o ABSOLUTE
    IRQ_button.c                             0x00000000   Number         0  irq_button.o ABSOLUTE
    IRQ_timer.c                              0x00000000   Number         0  irq_timer.o ABSOLUTE
    Source\startup_LPC17xx.s                 0x00000000   Number         0  startup_lpc17xx.o ABSOLUTE
    dc.s                                     0x00000000   Number         0  dc.o ABSOLUTE
    funct_joystick.c                         0x00000000   Number         0  funct_joystick.o ABSOLUTE
    lib_RIT.c                                0x00000000   Number         0  lib_rit.o ABSOLUTE
    lib_button.c                             0x00000000   Number         0  lib_button.o ABSOLUTE
    lib_joystick.c                           0x00000000   Number         0  lib_joystick.o ABSOLUTE
    lib_timer.c                              0x00000000   Number         0  lib_timer.o ABSOLUTE
    sample.c                                 0x00000000   Number         0  sample.o ABSOLUTE
    system_LPC17xx.c                         0x00000000   Number         0  system_lpc17xx.o ABSOLUTE
    RESET                                    0x00000000   Section      204  startup_lpc17xx.o(RESET)
    !!!main                                  0x000000cc   Section        8  __main.o(!!!main)
    !!!scatter                               0x000000d4   Section       92  __scatter.o(!!!scatter)
    !!handler_copy                           0x00000130   Section       26  __scatter_copy.o(!!handler_copy)
    !!handler_null                           0x0000014c   Section        2  __scatter.o(!!handler_null)
    !!handler_zi                             0x00000150   Section       28  __scatter_zi.o(!!handler_zi)
    .ARM.Collect$$_printf_percent$$00000000  0x0000016c   Section        0  _printf_percent.o(.ARM.Collect$$_printf_percent$$00000000)
    .ARM.Collect$$_printf_percent$$00000009  0x0000016c   Section        6  _printf_d.o(.ARM.Collect$$_printf_percent$$00000009)
    .ARM.Collect$$_printf_percent$$00000014  0x00000172   Section        6  _printf_s.o(.ARM.Collect$$_printf_percent$$00000014)
    .ARM.Collect$$_printf_percent$$00000017  0x00000178   Section        4  _printf_percent_end.o(.ARM.Collect$$_printf_percent$$00000017)
    .ARM.Collect$$libinit$$00000000          0x0000017c   Section        2  libinit.o(.ARM.Collect$$libinit$$00000000)
    .ARM.Collect$$libinit$$00000002          0x0000017e   Section        0  libinit2.o(.ARM.Collect$$libinit$$00000002)
    .ARM.Collect$$libinit$$00000004          0x0000017e   Section        0  libinit2.o(.ARM.Collect$$libinit$$00000004)
    .ARM.Collect$$libinit$$00000006          0x0000017e   Section        0  libinit2.o(.ARM.Collect$$libinit$$00000006)
    .ARM.Collect$$libinit$$0000000C          0x0000017e   Section        0  libinit2.o(.ARM.Collect$$libinit$$0000000C)
    .ARM.Collect$$libinit$$0000000E          0x0000017e   Section        0  libinit2.o(.ARM.Collect$$libinit$$0000000E)
    .ARM.Collect$$libinit$$00000010          0x0000017e   Section        0  libinit2.o(.ARM.Collect$$libinit$$00000010)
    .ARM.Collect$$libinit$$00000013          0x0000017e   Section        0  libinit2.o(.ARM.Collect$$libinit$$00000013)
    .ARM.Collect$$libinit$$00000015          0x0000017e   Section        0  libinit2.o(.ARM.Collect$$libinit$$00000015)
    .ARM.Collect$$libinit$$00000017          0x0000017e   Section        0  libinit2.o(.ARM.Collect$$libinit$$00000017)
    .ARM.Collect$$libinit$$00000019          0x0000017e   Section        0  libinit2.o(.ARM.Collect$$libinit$$00000019)
    .ARM.Collect$$libinit$$0000001B          0x0000017e   Section        0  libinit2.o(.ARM.Collect$$libinit$$0000001B)
    .ARM.Collect$$libinit$$0000001D          0x0000017e   Section        0  libinit2.o(.ARM.Collect$$libinit$$0000001D)
    .ARM.Collect$$libinit$$0000001F          0x0000017e   Section        0  libinit2.o(.ARM.Collect$$libinit$$0000001F)
    .ARM.Collect$$libinit$$00000021          0x0000017e   Section        0  libinit2.o(.ARM.Collect$$libinit$$00000021)
    .ARM.Collect$$libinit$$00000023          0x0000017e   Section        0  libinit2.o(.ARM.Collect$$libinit$$00000023)
    .ARM.Collect$$libinit$$00000025          0x0000017e   Section        0  libinit2.o(.ARM.Collect$$libinit$$00000025)
    .ARM.Collect$$libinit$$00000027          0x0000017e   Section        0  libinit2.o(.ARM.Collect$$libinit$$00000027)
    .ARM.Collect$$libinit$$0000002E          0x0000017e   Section        0  libinit2.o(.ARM.Collect$$libinit$$0000002E)
    .ARM.Collect$$libinit$$00000030          0x0000017e   Section        0  libinit2.o(.ARM.Collect$$libinit$$00000030)
    .ARM.Collect$$libinit$$00000032          0x0000017e   Section        0  libinit2.o(.ARM.Collect$$libinit$$00000032)
    .ARM.Collect$$libinit$$00000034          0x0000017e   Section        0  libinit2.o(.ARM.Collect$$libinit$$00000034)
    .ARM.Collect$$libinit$$00000035          0x0000017e   Section        2  libinit2.o(.ARM.Collect$$libinit$$00000035)
    .ARM.Collect$$libshutdown$$00000000      0x00000180   Section        2  libshutdown.o(.ARM.Collect$$libshutdown$$00000000)
    .ARM.Collect$$libshutdown$$00000002      0x00000182   Section        0  libshutdown2.o(.ARM.Collect$$libshutdown$$00000002)
    .ARM.Collect$$libshutdown$$00000004      0x00000182   Section        0  libshutdown2.o(.ARM.Collect$$libshutdown$$00000004)
    .ARM.Collect$$libshutdown$$00000007      0x00000182   Section        0  libshutdown2.o(.ARM.Collect$$libshutdown$$00000007)
    .ARM.Collect$$libshutdown$$0000000A      0x00000182   Section        0  libshutdown2.o(.ARM.Collect$$libshutdown$$0000000A)
    .ARM.Collect$$libshutdown$$0000000C      0x00000182   Section        0  libshutdown2.o(.ARM.Collect$$libshutdown$$0000000C)
    .ARM.Collect$$libshutdown$$0000000F      0x00000182   Section        0  libshutdown2.o(.ARM.Collect$$libshutdown$$0000000F)
    .ARM.Collect$$libshutdown$$00000010      0x00000182   Section        2  libshutdown2.o(.ARM.Collect$$libshutdown$$00000010)
    .ARM.Collect$$rtentry$$00000000          0x00000184   Section        0  __rtentry.o(.ARM.Collect$$rtentry$$00000000)
    .ARM.Collect$$rtentry$$00000002          0x00000184   Section        0  __rtentry2.o(.ARM.Collect$$rtentry$$00000002)
    .ARM.Collect$$rtentry$$00000004          0x00000184   Section        6  __rtentry4.o(.ARM.Collect$$rtentry$$00000004)
    .ARM.Collect$$rtentry$$00000009          0x0000018a   Section        0  __rtentry2.o(.ARM.Collect$$rtentry$$00000009)
    .ARM.Collect$$rtentry$$0000000A          0x0000018a   Section        4  __rtentry2.o(.ARM.Collect$$rtentry$$0000000A)
    .ARM.Collect$$rtentry$$0000000C          0x0000018e   Section        0  __rtentry2.o(.ARM.Collect$$rtentry$$0000000C)
    .ARM.Collect$$rtentry$$0000000D          0x0000018e   Section        8  __rtentry2.o(.ARM.Collect$$rtentry$$0000000D)
    .ARM.Collect$$rtexit$$00000000           0x00000196   Section        2  rtexit.o(.ARM.Collect$$rtexit$$00000000)
    .ARM.Collect$$rtexit$$00000002           0x00000198   Section        0  rtexit2.o(.ARM.Collect$$rtexit$$00000002)
    .ARM.Collect$$rtexit$$00000003           0x00000198   Section        4  rtexit2.o(.ARM.Collect$$rtexit$$00000003)
    .ARM.Collect$$rtexit$$00000004           0x0000019c   Section        6  rtexit2.o(.ARM.Collect$$rtexit$$00000004)
    [Anonymous Symbol]                       0x000001a4   Section        0  sample.o(.text)
    [Anonymous Symbol]                       0x000001d8   Section        0  irq_timer.o(.text)
    [Anonymous Symbol]                       0x000001f4   Section        0  lib_timer.o(.text)
    [Anonymous Symbol]                       0x00000280   Section        0  asciilib.o(.text)
    .text                                    0x000002ac   Section        0  noretval__2sprintf.o(.text)
    .text                                    0x000002d4   Section        0  heapauxi.o(.text)
    .text                                    0x000002da   Section        0  _sputc.o(.text)
    .text                                    0x000002e4   Section        0  exit.o(.text)
    .text                                    0x000002f6   Section        2  use_no_semi.o(.text)
    .text                                    0x000002f8   Section        0  indicate_semi.o(.text)
    .ARM.__at_0x02FC                         0x000002fc   Section        4  startup_lpc17xx.o(.ARM.__at_0x02FC)
    .text                                    0x00000300   Section      472  startup_lpc17xx.o(.text)
    ODD                                      0x00000383   Thumb Code    80  startup_lpc17xx.o(.text)
    Uppercase                                0x000003d3   Thumb Code    10  startup_lpc17xx.o(.text)
    Lowercase                                0x000003dd   Thumb Code    10  startup_lpc17xx.o(.text)
    TopNeighbourCheck                        0x00000433   Thumb Code    28  startup_lpc17xx.o(.text)
    RightNeighbourCheck                      0x0000044f   Thumb Code    28  startup_lpc17xx.o(.text)
    BotNeighbourCheck                        0x0000046b   Thumb Code    28  startup_lpc17xx.o(.text)
    LeftNeighbourCheck                       0x00000487   Thumb Code    28  startup_lpc17xx.o(.text)
    [Anonymous Symbol]                       0x000004d8   Section        0  system_lpc17xx.o(.text)
    [Anonymous Symbol]                       0x00000608   Section        0  glcd.o(.text)
    LCD_Configuration                        0x00003515   Thumb Code    32  glcd.o(.text)
    delay_ms                                 0x00003535   Thumb Code    82  glcd.o(.text)
    LCD_SetCursor                            0x00003d75   Thumb Code  1932  glcd.o(.text)
    LCD_BGR2RGB                              0x00004a2d   Thumb Code    72  glcd.o(.text)
    wait_delay                               0x00005225   Thumb Code    22  glcd.o(.text)
    [Anonymous Symbol]                       0x0000523c   Section        0  irq_button.o(.text)
    [Anonymous Symbol]                       0x00005308   Section        0  lib_button.o(.text)
    [Anonymous Symbol]                       0x00005370   Section        0  irq_rit.o(.text)
    [Anonymous Symbol]                       0x00005dd0   Section        0  lib_rit.o(.text)
    [Anonymous Symbol]                       0x00005e44   Section        0  lib_joystick.o(.text)
    .text                                    0x00005ea6   Section        0  __printf.o(.text)
    .text                                    0x00005f0e   Section        0  _printf_str.o(.text)
    .text                                    0x00005f60   Section        0  _printf_dec.o(.text)
    .text                                    0x00005fd8   Section        0  strlen.o(.text)
    .text                                    0x00006016   Section      138  rt_memcpy_v6.o(.text)
    .text                                    0x000060a0   Section        0  _printf_intcommon.o(.text)
    _printf_input_char                       0x00006155   Thumb Code    10  _printf_char_common.o(.text)
    .text                                    0x00006154   Section        0  _printf_char_common.o(.text)
    .text                                    0x00006184   Section        0  _printf_char.o(.text)
    .text                                    0x000061b0   Section      100  rt_memcpy_w.o(.text)
    .text                                    0x00006214   Section       74  sys_stackheap_outer.o(.text)
    .text                                    0x00006260   Section        8  libspace.o(.text)
    .text                                    0x00006268   Section        0  sys_exit.o(.text)
    AsciiLib                                 0x00006274   Data        1520  asciilib.o(.rodata.AsciiLib)
    [Anonymous Symbol]                       0x00006274   Section        0  asciilib.o(.rodata.AsciiLib)
    .L__const.DisplayWelcomeMessage.title    0x00006864   Data          24  glcd.o(.rodata.str1.1)
    [Anonymous Symbol]                       0x00006864   Section        0  glcd.o(.rodata.str1.1)
    .L__const.DisplayWelcomeMessage.message  0x0000687c   Data         165  glcd.o(.rodata.str1.1)
    LCD_Code                                 0x10000000   Data           1  glcd.o(.bss.LCD_Code)
    [Anonymous Symbol]                       0x10000000   Section        0  glcd.o(.bss.LCD_Code)
    RIT_IRQHandler.down                      0x10000004   Data           1  irq_rit.o(.bss.RIT_IRQHandler.down)
    [Anonymous Symbol]                       0x10000004   Section        0  irq_rit.o(.bss.RIT_IRQHandler.down)
    RIT_IRQHandler.left                      0x10000008   Data           1  irq_rit.o(.bss.RIT_IRQHandler.left)
    [Anonymous Symbol]                       0x10000008   Section        0  irq_rit.o(.bss.RIT_IRQHandler.left)
    Stack_Mem                                0x10000010   Data        1024  startup_lpc17xx.o(STACK)
    STACK                                    0x10000010   Section     1024  startup_lpc17xx.o(STACK)
    __initial_sp                             0x10000410   Data           0  startup_lpc17xx.o(STACK)
    .bss                                     0x2007c010   Section       96  libspace.o(.bss)
    RIT_IRQHandler.right                     0x2007c07c   Data           1  irq_rit.o(.bss.RIT_IRQHandler.right)
    [Anonymous Symbol]                       0x2007c07c   Section        0  irq_rit.o(.bss.RIT_IRQHandler.right)
    RIT_IRQHandler.up                        0x2007c080   Data           1  irq_rit.o(.bss.RIT_IRQHandler.up)
    [Anonymous Symbol]                       0x2007c080   Section        0  irq_rit.o(.bss.RIT_IRQHandler.up)
    Heap_Mem                                 0x2007c410   Data           0  startup_lpc17xx.o(HEAP)
    HEAP                                     0x2007c410   Section        0  startup_lpc17xx.o(HEAP)

    Global Symbols

    Symbol Name                              Value     Ov Type        Size  Object(Section)

    BuildAttributes$$THM_ISAv4$P$D$K$B$S$PE$A:L22UL41UL21$X:L11$S22US41US21$IEEE1$IW$~IW$USESV6$~STKCKD$USESV7$~SHL$OTIME$ROPI$EBA8$UX$STANDARDLIB$REQ8$PRES8$EABIv2 0x00000000   Number         0  anon$$obj.o ABSOLUTE
    __Vectors                                0x00000000   Data           4  startup_lpc17xx.o(RESET)
    __fp_init_empty                          0x00000000   Number         0  fpinit_empty.o ABSOLUTE
    __ARM_exceptions_init                     - Undefined Weak Reference
    __alloca_initialize                       - Undefined Weak Reference
    __arm_preinit_                            - Undefined Weak Reference
    __arm_relocate_pie_                       - Undefined Weak Reference
    __cpp_initialize__aeabi_                  - Undefined Weak Reference
    __cxa_finalize                            - Undefined Weak Reference
    __rt_locale                               - Undefined Weak Reference
    __sigvec_lookup                           - Undefined Weak Reference
    _atexit_init                              - Undefined Weak Reference
    _call_atexit_fns                          - Undefined Weak Reference
    _clock_init                               - Undefined Weak Reference
    _fp_trap_init                             - Undefined Weak Reference
    _fp_trap_shutdown                         - Undefined Weak Reference
    _get_lc_collate                           - Undefined Weak Reference
    _get_lc_ctype                             - Undefined Weak Reference
    _get_lc_monetary                          - Undefined Weak Reference
    _get_lc_numeric                           - Undefined Weak Reference
    _get_lc_time                              - Undefined Weak Reference
    _getenv_init                              - Undefined Weak Reference
    _handle_redirection                       - Undefined Weak Reference
    _init_alloc                               - Undefined Weak Reference
    _init_user_alloc                          - Undefined Weak Reference
    _initio                                   - Undefined Weak Reference
    _printf_mbtowc                            - Undefined Weak Reference
    _printf_post_padding                      - Undefined Weak Reference
    _printf_pre_padding                       - Undefined Weak Reference
    _printf_truncate_signed                   - Undefined Weak Reference
    _printf_truncate_unsigned                 - Undefined Weak Reference
    _rand_init                                - Undefined Weak Reference
    _signal_finish                            - Undefined Weak Reference
    _signal_init                              - Undefined Weak Reference
    _terminate_alloc                          - Undefined Weak Reference
    _terminate_user_alloc                     - Undefined Weak Reference
    _terminateio                              - Undefined Weak Reference
    __main                                   0x000000cd   Thumb Code     8  __main.o(!!!main)
    __scatterload                            0x000000d5   Thumb Code     0  __scatter.o(!!!scatter)
    __scatterload_rt2                        0x000000d5   Thumb Code    84  __scatter.o(!!!scatter)
    __scatterload_rt2_thumb_only             0x000000d5   Thumb Code     0  __scatter.o(!!!scatter)
    __scatterload_loop                       0x000000df   Thumb Code     0  __scatter.o(!!!scatter)
    __scatterload_copy                       0x00000131   Thumb Code    26  __scatter_copy.o(!!handler_copy)
    __scatterload_null                       0x0000014d   Thumb Code     2  __scatter.o(!!handler_null)
    __scatterload_zeroinit                   0x00000151   Thumb Code    28  __scatter_zi.o(!!handler_zi)
    _printf_d                                0x0000016d   Thumb Code     0  _printf_d.o(.ARM.Collect$$_printf_percent$$00000009)
    _printf_percent                          0x0000016d   Thumb Code     0  _printf_percent.o(.ARM.Collect$$_printf_percent$$00000000)
    _printf_s                                0x00000173   Thumb Code     0  _printf_s.o(.ARM.Collect$$_printf_percent$$00000014)
    _printf_percent_end                      0x00000179   Thumb Code     0  _printf_percent_end.o(.ARM.Collect$$_printf_percent$$00000017)
    __rt_lib_init                            0x0000017d   Thumb Code     0  libinit.o(.ARM.Collect$$libinit$$00000000)
    __rt_lib_init_alloca_1                   0x0000017f   Thumb Code     0  libinit2.o(.ARM.Collect$$libinit$$00000030)
    __rt_lib_init_argv_1                     0x0000017f   Thumb Code     0  libinit2.o(.ARM.Collect$$libinit$$0000002E)
    __rt_lib_init_atexit_1                   0x0000017f   Thumb Code     0  libinit2.o(.ARM.Collect$$libinit$$0000001D)
    __rt_lib_init_clock_1                    0x0000017f   Thumb Code     0  libinit2.o(.ARM.Collect$$libinit$$00000023)
    __rt_lib_init_cpp_1                      0x0000017f   Thumb Code     0  libinit2.o(.ARM.Collect$$libinit$$00000034)
    __rt_lib_init_exceptions_1               0x0000017f   Thumb Code     0  libinit2.o(.ARM.Collect$$libinit$$00000032)
    __rt_lib_init_fp_1                       0x0000017f   Thumb Code     0  libinit2.o(.ARM.Collect$$libinit$$00000002)
    __rt_lib_init_fp_trap_1                  0x0000017f   Thumb Code     0  libinit2.o(.ARM.Collect$$libinit$$00000021)
    __rt_lib_init_getenv_1                   0x0000017f   Thumb Code     0  libinit2.o(.ARM.Collect$$libinit$$00000025)
    __rt_lib_init_heap_1                     0x0000017f   Thumb Code     0  libinit2.o(.ARM.Collect$$libinit$$0000000C)
    __rt_lib_init_lc_collate_1               0x0000017f   Thumb Code     0  libinit2.o(.ARM.Collect$$libinit$$00000013)
    __rt_lib_init_lc_ctype_1                 0x0000017f   Thumb Code     0  libinit2.o(.ARM.Collect$$libinit$$00000015)
    __rt_lib_init_lc_monetary_1              0x0000017f   Thumb Code     0  libinit2.o(.ARM.Collect$$libinit$$00000017)
    __rt_lib_init_lc_numeric_1               0x0000017f   Thumb Code     0  libinit2.o(.ARM.Collect$$libinit$$00000019)
    __rt_lib_init_lc_time_1                  0x0000017f   Thumb Code     0  libinit2.o(.ARM.Collect$$libinit$$0000001B)
    __rt_lib_init_preinit_1                  0x0000017f   Thumb Code     0  libinit2.o(.ARM.Collect$$libinit$$00000006)
    __rt_lib_init_rand_1                     0x0000017f   Thumb Code     0  libinit2.o(.ARM.Collect$$libinit$$00000010)
    __rt_lib_init_relocate_pie_1             0x0000017f   Thumb Code     0  libinit2.o(.ARM.Collect$$libinit$$00000004)
    __rt_lib_init_return                     0x0000017f   Thumb Code     0  libinit2.o(.ARM.Collect$$libinit$$00000035)
    __rt_lib_init_signal_1                   0x0000017f   Thumb Code     0  libinit2.o(.ARM.Collect$$libinit$$0000001F)
    __rt_lib_init_stdio_1                    0x0000017f   Thumb Code     0  libinit2.o(.ARM.Collect$$libinit$$00000027)
    __rt_lib_init_user_alloc_1               0x0000017f   Thumb Code     0  libinit2.o(.ARM.Collect$$libinit$$0000000E)
    __rt_lib_shutdown                        0x00000181   Thumb Code     0  libshutdown.o(.ARM.Collect$$libshutdown$$00000000)
    __rt_lib_shutdown_cpp_1                  0x00000183   Thumb Code     0  libshutdown2.o(.ARM.Collect$$libshutdown$$00000002)
    __rt_lib_shutdown_fp_trap_1              0x00000183   Thumb Code     0  libshutdown2.o(.ARM.Collect$$libshutdown$$00000007)
    __rt_lib_shutdown_heap_1                 0x00000183   Thumb Code     0  libshutdown2.o(.ARM.Collect$$libshutdown$$0000000F)
    __rt_lib_shutdown_return                 0x00000183   Thumb Code     0  libshutdown2.o(.ARM.Collect$$libshutdown$$00000010)
    __rt_lib_shutdown_signal_1               0x00000183   Thumb Code     0  libshutdown2.o(.ARM.Collect$$libshutdown$$0000000A)
    __rt_lib_shutdown_stdio_1                0x00000183   Thumb Code     0  libshutdown2.o(.ARM.Collect$$libshutdown$$00000004)
    __rt_lib_shutdown_user_alloc_1           0x00000183   Thumb Code     0  libshutdown2.o(.ARM.Collect$$libshutdown$$0000000C)
    __rt_entry                               0x00000185   Thumb Code     0  __rtentry.o(.ARM.Collect$$rtentry$$00000000)
    __rt_entry_presh_1                       0x00000185   Thumb Code     0  __rtentry2.o(.ARM.Collect$$rtentry$$00000002)
    __rt_entry_sh                            0x00000185   Thumb Code     0  __rtentry4.o(.ARM.Collect$$rtentry$$00000004)
    __rt_entry_li                            0x0000018b   Thumb Code     0  __rtentry2.o(.ARM.Collect$$rtentry$$0000000A)
    __rt_entry_postsh_1                      0x0000018b   Thumb Code     0  __rtentry2.o(.ARM.Collect$$rtentry$$00000009)
    __rt_entry_main                          0x0000018f   Thumb Code     0  __rtentry2.o(.ARM.Collect$$rtentry$$0000000D)
    __rt_entry_postli_1                      0x0000018f   Thumb Code     0  __rtentry2.o(.ARM.Collect$$rtentry$$0000000C)
    __rt_exit                                0x00000197   Thumb Code     0  rtexit.o(.ARM.Collect$$rtexit$$00000000)
    __rt_exit_ls                             0x00000199   Thumb Code     0  rtexit2.o(.ARM.Collect$$rtexit$$00000003)
    __rt_exit_prels_1                        0x00000199   Thumb Code     0  rtexit2.o(.ARM.Collect$$rtexit$$00000002)
    __rt_exit_exit                           0x0000019d   Thumb Code     0  rtexit2.o(.ARM.Collect$$rtexit$$00000004)
    main                                     0x000001a5   Thumb Code    52  sample.o(.text)
    TIMER0_IRQHandler                        0x000001d9   Thumb Code    10  irq_timer.o(.text)
    TIMER1_IRQHandler                        0x000001e5   Thumb Code    14  irq_timer.o(.text)
    enable_timer                             0x000001f5   Thumb Code    26  lib_timer.o(.text)
    disable_timer                            0x00000211   Thumb Code    32  lib_timer.o(.text)
    reset_timer                              0x00000231   Thumb Code    38  lib_timer.o(.text)
    init_timer                               0x00000259   Thumb Code    40  lib_timer.o(.text)
    GetASCIICode                             0x00000281   Thumb Code    42  asciilib.o(.text)
    __2sprintf                               0x000002ad   Thumb Code    34  noretval__2sprintf.o(.text)
    __use_two_region_memory                  0x000002d5   Thumb Code     2  heapauxi.o(.text)
    __rt_heap_escrow$2region                 0x000002d7   Thumb Code     2  heapauxi.o(.text)
    __rt_heap_expand$2region                 0x000002d9   Thumb Code     2  heapauxi.o(.text)
    _sputc                                   0x000002db   Thumb Code    10  _sputc.o(.text)
    exit                                     0x000002e5   Thumb Code    18  exit.o(.text)
    __I$use$semihosting                      0x000002f7   Thumb Code     0  use_no_semi.o(.text)
    __use_no_semihosting_swi                 0x000002f7   Thumb Code     2  use_no_semi.o(.text)
    __semihosting_library_function           0x000002f9   Thumb Code     0  indicate_semi.o(.text)
    Reset_Handler                            0x00000301   Thumb Code    10  startup_lpc17xx.o(.text)
    Change_case                              0x0000030b   Thumb Code   120  startup_lpc17xx.o(.text)
    mazeSolver                               0x000003e7   Thumb Code    76  startup_lpc17xx.o(.text)
    NMI_Handler                              0x000004a3   Thumb Code     2  startup_lpc17xx.o(.text)
    HardFault_Handler                        0x000004a5   Thumb Code     2  startup_lpc17xx.o(.text)
    MemManage_Handler                        0x000004a7   Thumb Code     2  startup_lpc17xx.o(.text)
    BusFault_Handler                         0x000004a9   Thumb Code     2  startup_lpc17xx.o(.text)
    UsageFault_Handler                       0x000004ab   Thumb Code     2  startup_lpc17xx.o(.text)
    SVC_Handler                              0x000004ad   Thumb Code     2  startup_lpc17xx.o(.text)
    DebugMon_Handler                         0x000004af   Thumb Code     2  startup_lpc17xx.o(.text)
    PendSV_Handler                           0x000004b1   Thumb Code     2  startup_lpc17xx.o(.text)
    SysTick_Handler                          0x000004b3   Thumb Code     2  startup_lpc17xx.o(.text)
    ADC_IRQHandler                           0x000004b5   Thumb Code     0  startup_lpc17xx.o(.text)
    BOD_IRQHandler                           0x000004b5   Thumb Code     0  startup_lpc17xx.o(.text)
    CANActivity_IRQHandler                   0x000004b5   Thumb Code     0  startup_lpc17xx.o(.text)
    CAN_IRQHandler                           0x000004b5   Thumb Code     0  startup_lpc17xx.o(.text)
    DMA_IRQHandler                           0x000004b5   Thumb Code     0  startup_lpc17xx.o(.text)
    EINT3_IRQHandler                         0x000004b5   Thumb Code     0  startup_lpc17xx.o(.text)
    ENET_IRQHandler                          0x000004b5   Thumb Code     0  startup_lpc17xx.o(.text)
    I2C0_IRQHandler                          0x000004b5   Thumb Code     0  startup_lpc17xx.o(.text)
    I2C1_IRQHandler                          0x000004b5   Thumb Code     0  startup_lpc17xx.o(.text)
    I2C2_IRQHandler                          0x000004b5   Thumb Code     0  startup_lpc17xx.o(.text)
    I2S_IRQHandler                           0x000004b5   Thumb Code     0  startup_lpc17xx.o(.text)
    MCPWM_IRQHandler                         0x000004b5   Thumb Code     0  startup_lpc17xx.o(.text)
    PLL0_IRQHandler                          0x000004b5   Thumb Code     0  startup_lpc17xx.o(.text)
    PLL1_IRQHandler                          0x000004b5   Thumb Code     0  startup_lpc17xx.o(.text)
    PWM1_IRQHandler                          0x000004b5   Thumb Code     0  startup_lpc17xx.o(.text)
    QEI_IRQHandler                           0x000004b5   Thumb Code     0  startup_lpc17xx.o(.text)
    RTC_IRQHandler                           0x000004b5   Thumb Code     0  startup_lpc17xx.o(.text)
    SPI_IRQHandler                           0x000004b5   Thumb Code     0  startup_lpc17xx.o(.text)
    SSP0_IRQHandler                          0x000004b5   Thumb Code     0  startup_lpc17xx.o(.text)
    SSP1_IRQHandler                          0x000004b5   Thumb Code     0  startup_lpc17xx.o(.text)
    TIMER2_IRQHandler                        0x000004b5   Thumb Code     0  startup_lpc17xx.o(.text)
    TIMER3_IRQHandler                        0x000004b5   Thumb Code     0  startup_lpc17xx.o(.text)
    UART0_IRQHandler                         0x000004b5   Thumb Code     0  startup_lpc17xx.o(.text)
    UART1_IRQHandler                         0x000004b5   Thumb Code     0  startup_lpc17xx.o(.text)
    UART2_IRQHandler                         0x000004b5   Thumb Code     0  startup_lpc17xx.o(.text)
    UART3_IRQHandler                         0x000004b5   Thumb Code     0  startup_lpc17xx.o(.text)
    USBActivity_IRQHandler                   0x000004b5   Thumb Code     0  startup_lpc17xx.o(.text)
    USB_IRQHandler                           0x000004b5   Thumb Code     0  startup_lpc17xx.o(.text)
    WDT_IRQHandler                           0x000004b5   Thumb Code     0  startup_lpc17xx.o(.text)
    __user_initial_stackheap                 0x000004b9   Thumb Code     0  startup_lpc17xx.o(.text)
    SystemInit                               0x000004d9   Thumb Code   288  system_lpc17xx.o(.text)
    LCD_Initialization                       0x00000609   Thumb Code 12042  glcd.o(.text)
    LCD_Clear                                0x00003589   Thumb Code  2028  glcd.o(.text)
    LCD_GetPoint                             0x00004501   Thumb Code  1324  glcd.o(.text)
    LCD_SetPoint                             0x00004a75   Thumb Code   320  glcd.o(.text)
    LCD_DrawLine                             0x00004bb5   Thumb Code   546  glcd.o(.text)
    PutChar                                  0x00004dd9   Thumb Code   210  glcd.o(.text)
    PutChar2                                 0x00004ead   Thumb Code   332  glcd.o(.text)
    DisplayWelcomeMessage                    0x00004ff9   Thumb Code   402  glcd.o(.text)
    GUI_Text                                 0x0000518d   Thumb Code   152  glcd.o(.text)
    EINT0_IRQHandler                         0x0000523d   Thumb Code    68  irq_button.o(.text)
    EINT1_IRQHandler                         0x00005281   Thumb Code    68  irq_button.o(.text)
    EINT2_IRQHandler                         0x000052c5   Thumb Code    68  irq_button.o(.text)
    BUTTON_init                              0x00005309   Thumb Code   104  lib_button.o(.text)
    LCD_FillRect                             0x00005371   Thumb Code   124  irq_rit.o(.text)
    DisplayMazeSize                          0x000053ed   Thumb Code   124  irq_rit.o(.text)
    DisplaySizeChangeMessage                 0x00005485   Thumb Code   184  irq_rit.o(.text)
    DrawMaze                                 0x00005555   Thumb Code   656  irq_rit.o(.text)
    RIT_IRQHandler                           0x000057e5   Thumb Code  1412  irq_rit.o(.text)
    enable_RIT                               0x00005dd1   Thumb Code    16  lib_rit.o(.text)
    disable_RIT                              0x00005de1   Thumb Code    14  lib_rit.o(.text)
    reset_RIT                                0x00005df1   Thumb Code    12  lib_rit.o(.text)
    init_RIT                                 0x00005dfd   Thumb Code    70  lib_rit.o(.text)
    joystick_init                            0x00005e45   Thumb Code    98  lib_joystick.o(.text)
    __printf                                 0x00005ea7   Thumb Code   104  __printf.o(.text)
    _printf_str                              0x00005f0f   Thumb Code    82  _printf_str.o(.text)
    _printf_int_dec                          0x00005f61   Thumb Code   104  _printf_dec.o(.text)
    strlen                                   0x00005fd9   Thumb Code    62  strlen.o(.text)
    __aeabi_memcpy                           0x00006017   Thumb Code     0  rt_memcpy_v6.o(.text)
    __rt_memcpy                              0x00006017   Thumb Code   138  rt_memcpy_v6.o(.text)
    _memcpy_lastbytes                        0x0000607d   Thumb Code     0  rt_memcpy_v6.o(.text)
    _printf_int_common                       0x000060a1   Thumb Code   178  _printf_intcommon.o(.text)
    _printf_char_common                      0x0000615f   Thumb Code    32  _printf_char_common.o(.text)
    _printf_cs_common                        0x00006185   Thumb Code    20  _printf_char.o(.text)
    _printf_char                             0x00006199   Thumb Code    16  _printf_char.o(.text)
    _printf_string                           0x000061a9   Thumb Code     8  _printf_char.o(.text)
    __aeabi_memcpy4                          0x000061b1   Thumb Code     0  rt_memcpy_w.o(.text)
    __aeabi_memcpy8                          0x000061b1   Thumb Code     0  rt_memcpy_w.o(.text)
    __rt_memcpy_w                            0x000061b1   Thumb Code   100  rt_memcpy_w.o(.text)
    _memcpy_lastbytes_aligned                0x000061f9   Thumb Code     0  rt_memcpy_w.o(.text)
    __user_setup_stackheap                   0x00006215   Thumb Code    74  sys_stackheap_outer.o(.text)
    __user_libspace                          0x00006261   Thumb Code     8  libspace.o(.text)
    __user_perproc_libspace                  0x00006261   Thumb Code     0  libspace.o(.text)
    __user_perthread_libspace                0x00006261   Thumb Code     0  libspace.o(.text)
    _sys_exit                                0x00006269   Thumb Code     8  sys_exit.o(.text)
    Region$$Table$$Base                      0x00006924   Number         0  anon$$obj.o(Region$$Table)
    Region$$Table$$Limit                     0x00006954   Number         0  anon$$obj.o(Region$$Table)
    value                                    0x1000000c   Data           4  irq_rit.o(.bss.value)
    SystemFrequency                          0x2007c000   Data           4  system_lpc17xx.o(.data.SystemFrequency)
    visible_cols                             0x2007c004   Data           4  irq_rit.o(.data.visible_cols)
    visible_rows                             0x2007c008   Data           4  irq_rit.o(.data.visible_rows)
    __libspace_start                         0x2007c010   Data          96  libspace.o(.bss)
    INT0                                     0x2007c070   Data           4  irq_rit.o(.bss.INT0)
    __temporary_stack_top$libspace           0x2007c070   Data           0  libspace.o(.bss)
    KEY1                                     0x2007c074   Data           4  irq_rit.o(.bss.KEY1)
    KEY2                                     0x2007c078   Data           4  irq_rit.o(.bss.KEY2)
    iteration                                0x2007c084   Data           4  irq_rit.o(.bss.iteration)
    mymatrix                                 0x2007c088   Data         900  irq_rit.o(.bss.mymatrix)
    number_of_clicks                         0x2007c40c   Data           4  irq_rit.o(.bss.number_of_clicks)



==============================================================================

Memory Map of the image

  Image Entry point : 0x000000cd

  Load Region LR_IROM1 (Base: 0x00000000, Size: 0x00006968, Max: 0x00080000, ABSOLUTE)

    Execution Region ER_IROM1 (Exec base: 0x00000000, Load base: 0x00000000, Size: 0x00006954, Max: 0x00080000, ABSOLUTE)

    Exec Addr    Load Addr    Size         Type   Attr      Idx    E Section Name        Object

    0x00000000   0x00000000   0x000000cc   Data   RO            3    RESET               startup_lpc17xx.o
    0x000000cc   0x000000cc   0x00000008   Code   RO          166  * !!!main             c_w.l(__main.o)
    0x000000d4   0x000000d4   0x0000005c   Code   RO          344    !!!scatter          c_w.l(__scatter.o)
    0x00000130   0x00000130   0x0000001a   Code   RO          348    !!handler_copy      c_w.l(__scatter_copy.o)
    0x0000014a   0x0000014a   0x00000002   PAD
    0x0000014c   0x0000014c   0x00000002   Code   RO          345    !!handler_null      c_w.l(__scatter.o)
    0x0000014e   0x0000014e   0x00000002   PAD
    0x00000150   0x00000150   0x0000001c   Code   RO          350    !!handler_zi        c_w.l(__scatter_zi.o)
    0x0000016c   0x0000016c   0x00000000   Code   RO          159    .ARM.Collect$$_printf_percent$$00000000  c_w.l(_printf_percent.o)
    0x0000016c   0x0000016c   0x00000006   Code   RO          158    .ARM.Collect$$_printf_percent$$00000009  c_w.l(_printf_d.o)
    0x00000172   0x00000172   0x00000006   Code   RO          157    .ARM.Collect$$_printf_percent$$00000014  c_w.l(_printf_s.o)
    0x00000178   0x00000178   0x00000004   Code   RO          177    .ARM.Collect$$_printf_percent$$00000017  c_w.l(_printf_percent_end.o)
    0x0000017c   0x0000017c   0x00000002   Code   RO          206    .ARM.Collect$$libinit$$00000000  c_w.l(libinit.o)
    0x0000017e   0x0000017e   0x00000000   Code   RO          213    .ARM.Collect$$libinit$$00000002  c_w.l(libinit2.o)
    0x0000017e   0x0000017e   0x00000000   Code   RO          215    .ARM.Collect$$libinit$$00000004  c_w.l(libinit2.o)
    0x0000017e   0x0000017e   0x00000000   Code   RO          217    .ARM.Collect$$libinit$$00000006  c_w.l(libinit2.o)
    0x0000017e   0x0000017e   0x00000000   Code   RO          220    .ARM.Collect$$libinit$$0000000C  c_w.l(libinit2.o)
    0x0000017e   0x0000017e   0x00000000   Code   RO          222    .ARM.Collect$$libinit$$0000000E  c_w.l(libinit2.o)
    0x0000017e   0x0000017e   0x00000000   Code   RO          224    .ARM.Collect$$libinit$$00000010  c_w.l(libinit2.o)
    0x0000017e   0x0000017e   0x00000000   Code   RO          227    .ARM.Collect$$libinit$$00000013  c_w.l(libinit2.o)
    0x0000017e   0x0000017e   0x00000000   Code   RO          229    .ARM.Collect$$libinit$$00000015  c_w.l(libinit2.o)
    0x0000017e   0x0000017e   0x00000000   Code   RO          231    .ARM.Collect$$libinit$$00000017  c_w.l(libinit2.o)
    0x0000017e   0x0000017e   0x00000000   Code   RO          233    .ARM.Collect$$libinit$$00000019  c_w.l(libinit2.o)
    0x0000017e   0x0000017e   0x00000000   Code   RO          235    .ARM.Collect$$libinit$$0000001B  c_w.l(libinit2.o)
    0x0000017e   0x0000017e   0x00000000   Code   RO          237    .ARM.Collect$$libinit$$0000001D  c_w.l(libinit2.o)
    0x0000017e   0x0000017e   0x00000000   Code   RO          239    .ARM.Collect$$libinit$$0000001F  c_w.l(libinit2.o)
    0x0000017e   0x0000017e   0x00000000   Code   RO          241    .ARM.Collect$$libinit$$00000021  c_w.l(libinit2.o)
    0x0000017e   0x0000017e   0x00000000   Code   RO          243    .ARM.Collect$$libinit$$00000023  c_w.l(libinit2.o)
    0x0000017e   0x0000017e   0x00000000   Code   RO          245    .ARM.Collect$$libinit$$00000025  c_w.l(libinit2.o)
    0x0000017e   0x0000017e   0x00000000   Code   RO          247    .ARM.Collect$$libinit$$00000027  c_w.l(libinit2.o)
    0x0000017e   0x0000017e   0x00000000   Code   RO          251    .ARM.Collect$$libinit$$0000002E  c_w.l(libinit2.o)
    0x0000017e   0x0000017e   0x00000000   Code   RO          253    .ARM.Collect$$libinit$$00000030  c_w.l(libinit2.o)
    0x0000017e   0x0000017e   0x00000000   Code   RO          255    .ARM.Collect$$libinit$$00000032  c_w.l(libinit2.o)
    0x0000017e   0x0000017e   0x00000000   Code   RO          257    .ARM.Collect$$libinit$$00000034  c_w.l(libinit2.o)
    0x0000017e   0x0000017e   0x00000002   Code   RO          258    .ARM.Collect$$libinit$$00000035  c_w.l(libinit2.o)
    0x00000180   0x00000180   0x00000002   Code   RO          280    .ARM.Collect$$libshutdown$$00000000  c_w.l(libshutdown.o)
    0x00000182   0x00000182   0x00000000   Code   RO          295    .ARM.Collect$$libshutdown$$00000002  c_w.l(libshutdown2.o)
    0x00000182   0x00000182   0x00000000   Code   RO          297    .ARM.Collect$$libshutdown$$00000004  c_w.l(libshutdown2.o)
    0x00000182   0x00000182   0x00000000   Code   RO          300    .ARM.Collect$$libshutdown$$00000007  c_w.l(libshutdown2.o)
    0x00000182   0x00000182   0x00000000   Code   RO          303    .ARM.Collect$$libshutdown$$0000000A  c_w.l(libshutdown2.o)
    0x00000182   0x00000182   0x00000000   Code   RO          305    .ARM.Collect$$libshutdown$$0000000C  c_w.l(libshutdown2.o)
    0x00000182   0x00000182   0x00000000   Code   RO          308    .ARM.Collect$$libshutdown$$0000000F  c_w.l(libshutdown2.o)
    0x00000182   0x00000182   0x00000002   Code   RO          309    .ARM.Collect$$libshutdown$$00000010  c_w.l(libshutdown2.o)
    0x00000184   0x00000184   0x00000000   Code   RO          168    .ARM.Collect$$rtentry$$00000000  c_w.l(__rtentry.o)
    0x00000184   0x00000184   0x00000000   Code   RO          181    .ARM.Collect$$rtentry$$00000002  c_w.l(__rtentry2.o)
    0x00000184   0x00000184   0x00000006   Code   RO          193    .ARM.Collect$$rtentry$$00000004  c_w.l(__rtentry4.o)
    0x0000018a   0x0000018a   0x00000000   Code   RO          183    .ARM.Collect$$rtentry$$00000009  c_w.l(__rtentry2.o)
    0x0000018a   0x0000018a   0x00000004   Code   RO          184    .ARM.Collect$$rtentry$$0000000A  c_w.l(__rtentry2.o)
    0x0000018e   0x0000018e   0x00000000   Code   RO          186    .ARM.Collect$$rtentry$$0000000C  c_w.l(__rtentry2.o)
    0x0000018e   0x0000018e   0x00000008   Code   RO          187    .ARM.Collect$$rtentry$$0000000D  c_w.l(__rtentry2.o)
    0x00000196   0x00000196   0x00000002   Code   RO          210    .ARM.Collect$$rtexit$$00000000  c_w.l(rtexit.o)
    0x00000198   0x00000198   0x00000000   Code   RO          260    .ARM.Collect$$rtexit$$00000002  c_w.l(rtexit2.o)
    0x00000198   0x00000198   0x00000004   Code   RO          261    .ARM.Collect$$rtexit$$00000003  c_w.l(rtexit2.o)
    0x0000019c   0x0000019c   0x00000006   Code   RO          262    .ARM.Collect$$rtexit$$00000004  c_w.l(rtexit2.o)
    0x000001a2   0x000001a2   0x00000002   PAD
    0x000001a4   0x000001a4   0x00000034   Code   RO           14    .text               sample.o
    0x000001d8   0x000001d8   0x0000001a   Code   RO           30    .text               irq_timer.o
    0x000001f2   0x000001f2   0x00000002   PAD
    0x000001f4   0x000001f4   0x0000008c   Code   RO           37    .text               lib_timer.o
    0x00000280   0x00000280   0x0000002a   Code   RO           45    .text               asciilib.o
    0x000002aa   0x000002aa   0x00000002   PAD
    0x000002ac   0x000002ac   0x00000028   Code   RO          129    .text               c_w.l(noretval__2sprintf.o)
    0x000002d4   0x000002d4   0x00000006   Code   RO          164    .text               c_w.l(heapauxi.o)
    0x000002da   0x000002da   0x0000000a   Code   RO          173    .text               c_w.l(_sputc.o)
    0x000002e4   0x000002e4   0x00000012   Code   RO          199    .text               c_w.l(exit.o)
    0x000002f6   0x000002f6   0x00000002   Code   RO          285    .text               c_w.l(use_no_semi.o)
    0x000002f8   0x000002f8   0x00000000   Code   RO          287    .text               c_w.l(indicate_semi.o)
    0x000002f8   0x000002f8   0x00000004   PAD
    0x000002fc   0x000002fc   0x00000004   Code   RO            4    .ARM.__at_0x02FC    startup_lpc17xx.o
    0x00000300   0x00000300   0x000001d8   Code   RO            6    .text               startup_lpc17xx.o
    0x000004d8   0x000004d8   0x00000130   Code   RO           22    .text               system_lpc17xx.o
    0x00000608   0x00000608   0x00004c32   Code   RO           54    .text               glcd.o
    0x0000523a   0x0000523a   0x00000002   PAD
    0x0000523c   0x0000523c   0x000000cc   Code   RO           72    .text               irq_button.o
    0x00005308   0x00005308   0x00000068   Code   RO           79    .text               lib_button.o
    0x00005370   0x00005370   0x00000a60   Code   RO           86    .text               irq_rit.o
    0x00005dd0   0x00005dd0   0x00000072   Code   RO          109    .text               lib_rit.o
    0x00005e42   0x00005e42   0x00000002   PAD
    0x00005e44   0x00005e44   0x00000062   Code   RO          118    .text               lib_joystick.o
    0x00005ea6   0x00005ea6   0x00000068   Code   RO          131    .text               c_w.l(__printf.o)
    0x00005f0e   0x00005f0e   0x00000052   Code   RO          133    .text               c_w.l(_printf_str.o)
    0x00005f60   0x00005f60   0x00000078   Code   RO          135    .text               c_w.l(_printf_dec.o)
    0x00005fd8   0x00005fd8   0x0000003e   Code   RO          160    .text               c_w.l(strlen.o)
    0x00006016   0x00006016   0x0000008a   Code   RO          162    .text               c_w.l(rt_memcpy_v6.o)
    0x000060a0   0x000060a0   0x000000b2   Code   RO          169    .text               c_w.l(_printf_intcommon.o)
    0x00006152   0x00006152   0x00000002   PAD
    0x00006154   0x00006154   0x00000030   Code   RO          171    .text               c_w.l(_printf_char_common.o)
    0x00006184   0x00006184   0x0000002c   Code   RO          175    .text               c_w.l(_printf_char.o)
    0x000061b0   0x000061b0   0x00000064   Code   RO          178    .text               c_w.l(rt_memcpy_w.o)
    0x00006214   0x00006214   0x0000004a   Code   RO          197    .text               c_w.l(sys_stackheap_outer.o)
    0x0000625e   0x0000625e   0x00000002   PAD
    0x00006260   0x00006260   0x00000008   Code   RO          207    .text               c_w.l(libspace.o)
    0x00006268   0x00006268   0x0000000c   Code   RO          270    .text               c_w.l(sys_exit.o)
    0x00006274   0x00006274   0x000005f0   Data   RO           47    .rodata.AsciiLib    asciilib.o
    0x00006864   0x00006864   0x000000bd   Data   RO           57    .rodata.str1.1      glcd.o
    0x00006921   0x00006921   0x00000003   PAD
    0x00006924   0x00006924   0x00000030   Data   RO          343    Region$$Table       anon$$obj.o


    Execution Region RW_IRAM1 (Exec base: 0x10000000, Load base: 0x00006954, Size: 0x00000410, Max: 0x00008000, ABSOLUTE)

    Exec Addr    Load Addr    Size         Type   Attr      Idx    E Section Name        Object

    0x10000000        -       0x00000001   Zero   RW           56    .bss.LCD_Code       glcd.o
    0x10000001   0x00006954   0x00000003   PAD
    0x10000004        -       0x00000001   Zero   RW          100    .bss.RIT_IRQHandler.down  irq_rit.o
    0x10000005   0x00006954   0x00000003   PAD
    0x10000008        -       0x00000001   Zero   RW          102    .bss.RIT_IRQHandler.left  irq_rit.o
    0x10000009   0x00006954   0x00000003   PAD
    0x1000000c        -       0x00000004   Zero   RW           97    .bss.value          irq_rit.o
    0x10000010        -       0x00000400   Zero   RW            1    STACK               startup_lpc17xx.o


    Execution Region RW_IRAM2 (Exec base: 0x2007c000, Load base: 0x00006958, Size: 0x00000410, Max: 0x00008000, ABSOLUTE)

    Exec Addr    Load Addr    Size         Type   Attr      Idx    E Section Name        Object

    0x2007c000   0x00006958   0x00000004   Data   RW           24    .data.SystemFrequency  system_lpc17xx.o
    0x2007c004   0x0000695c   0x00000004   Data   RW           92    .data.visible_cols  irq_rit.o
    0x2007c008   0x00006960   0x00000004   Data   RW           91    .data.visible_rows  irq_rit.o
    0x2007c00c   0x00006964   0x00000004   PAD
    0x2007c010        -       0x00000060   Zero   RW          208    .bss                c_w.l(libspace.o)
    0x2007c070        -       0x00000004   Zero   RW           93    .bss.INT0           irq_rit.o
    0x2007c074        -       0x00000004   Zero   RW           94    .bss.KEY1           irq_rit.o
    0x2007c078        -       0x00000004   Zero   RW           95    .bss.KEY2           irq_rit.o
    0x2007c07c        -       0x00000001   Zero   RW          101    .bss.RIT_IRQHandler.right  irq_rit.o
    0x2007c07d   0x00006964   0x00000003   PAD
    0x2007c080        -       0x00000001   Zero   RW           99    .bss.RIT_IRQHandler.up  irq_rit.o
    0x2007c081   0x00006964   0x00000003   PAD
    0x2007c084        -       0x00000004   Zero   RW           98    .bss.iteration      irq_rit.o
    0x2007c088        -       0x00000384   Zero   RW           96    .bss.mymatrix       irq_rit.o
    0x2007c40c        -       0x00000004   Zero   RW           88    .bss.number_of_clicks  irq_rit.o
    0x2007c410        -       0x00000000   Zero   RW            2    HEAP                startup_lpc17xx.o


==============================================================================

Image component sizes


      Code (inc. data)   RO Data    RW Data    ZI Data      Debug   Object Name

        42          0       1520          0          0        653   asciilib.o
     19506          0        189          0          1      26338   glcd.o
       204          0          0          0          0       3976   irq_button.o
      2656        332          0          8        928      10761   irq_rit.o
        26          0          0          0          0       1153   irq_timer.o
       104          0          0          0          0       4900   lib_button.o
        98          0          0          0          0       2504   lib_joystick.o
       114          0          0          0          0       3534   lib_rit.o
       140          0          0          0          0       1608   lib_timer.o
        52          0          0          0          0        384   sample.o
       476         28        204          0       1024       1488   startup_lpc17xx.o
       304         20          0          4          0       1859   system_lpc17xx.o

    ----------------------------------------------------------------------
     23730        380       1964         12       1972      59158   Object Totals
         0          0         48          0          0          0   (incl. Generated)
         8          0          3          0         19          0   (incl. Padding)

    ----------------------------------------------------------------------

      Code (inc. data)   RO Data    RW Data    ZI Data      Debug   Library Member Name

         8          0          0          0          0         68   __main.o
       104          0          0          0          0         84   __printf.o
         0          0          0          0          0          0   __rtentry.o
        12          0          0          0          0          0   __rtentry2.o
         6          0          0          0          0          0   __rtentry4.o
        94          8          0          0          0          0   __scatter.o
        26          0          0          0          0          0   __scatter_copy.o
        28          0          0          0          0          0   __scatter_zi.o
        44          0          0          0          0        108   _printf_char.o
        48          6          0          0          0         96   _printf_char_common.o
         6          0          0          0          0          0   _printf_d.o
       120         16          0          0          0         92   _printf_dec.o
       178          0          0          0          0         88   _printf_intcommon.o
         0          0          0          0          0          0   _printf_percent.o
         4          0          0          0          0          0   _printf_percent_end.o
         6          0          0          0          0          0   _printf_s.o
        82          0          0          0          0         80   _printf_str.o
        10          0          0          0          0         68   _sputc.o
        18          0          0          0          0         80   exit.o
         6          0          0          0          0        152   heapauxi.o
         0          0          0          0          0          0   indicate_semi.o
         2          0          0          0          0          0   libinit.o
         2          0          0          0          0          0   libinit2.o
         2          0          0          0          0          0   libshutdown.o
         2          0          0          0          0          0   libshutdown2.o
         8          4          0          0         96         68   libspace.o
        40          6          0          0          0         84   noretval__2sprintf.o
       138          0          0          0          0         68   rt_memcpy_v6.o
       100          0          0          0          0         80   rt_memcpy_w.o
         2          0          0          0          0          0   rtexit.o
        10          0          0          0          0          0   rtexit2.o
        62          0          0          0          0         76   strlen.o
        12          4          0          0          0         68   sys_exit.o
        74          0          0          0          0         80   sys_stackheap_outer.o
         2          0          0          0          0         68   use_no_semi.o

    ----------------------------------------------------------------------
      1270         44          0          0         96       1508   Library Totals
        14          0          0          0          0          0   (incl. Padding)

    ----------------------------------------------------------------------

      Code (inc. data)   RO Data    RW Data    ZI Data      Debug   Library Name

      1256         44          0          0         96       1508   c_w.l

    ----------------------------------------------------------------------
      1270         44          0          0         96       1508   Library Totals

    ----------------------------------------------------------------------

==============================================================================


      Code (inc. data)   RO Data    RW Data    ZI Data      Debug   

     25000        424       1964         12       2068      59854   Grand Totals
     25000        424       1964         12       2068      59854   ELF Image Totals
     25000        424       1964         12          0          0   ROM Totals

==============================================================================

    Total RO  Size (Code + RO Data)                26964 (  26.33kB)
    Total RW  Size (RW Data + ZI Data)              2080 (   2.03kB)
    Total ROM Size (Code + RO Data + RW Data)      26976 (  26.34kB)

==============================================================================

